\BOOKMARK [1][-]{section.1}{\376\377\137\025\212\000}{}% 1
\BOOKMARK [1][-]{section.2}{\376\377\000T\000r\000a\000n\000s\000f\000o\000r\000m\000e\000r\000\040\131\015\163\260}{}% 2
\BOOKMARK [2][-]{subsection.2.1}{\376\377\152\041\127\213}{section.2}% 3
\BOOKMARK [2][-]{subsection.2.2}{\376\377\145\160\143\156\116\016\213\255\176\303}{section.2}% 4
\BOOKMARK [2][-]{subsection.2.3}{\376\377\127\372\176\277\176\323\147\234}{section.2}% 5
\BOOKMARK [1][-]{section.3}{\376\377\133\236\232\214\213\276\177\156\116\016\173\046\123\367}{}% 6
\BOOKMARK [1][-]{section.4}{\376\377\153\213\135\356\155\210\207\215\377\010\0002\000.\0003\377\011}{}% 7
\BOOKMARK [2][-]{subsection.4.1}{\376\377\133\236\232\214\213\276\177\156}{section.4}% 8
\BOOKMARK [2][-]{subsection.4.2}{\376\377\176\323\147\234}{section.4}% 9
\BOOKMARK [2][-]{subsection.4.3}{\376\377\213\250\213\272}{section.4}% 10
\BOOKMARK [1][-]{section.5}{\376\377\117\115\177\156\177\026\170\001\155\210\207\215\377\010\0002\000.\0001\377\011}{}% 11
\BOOKMARK [2][-]{subsection.5.1}{\376\377\133\236\232\214\213\276\177\156}{section.5}% 12
\BOOKMARK [2][-]{subsection.5.2}{\376\377\176\323\147\234}{section.5}% 13
\BOOKMARK [2][-]{subsection.5.3}{\376\377\213\250\213\272}{section.5}% 14
\BOOKMARK [1][-]{section.6}{\376\377\154\350\141\017\122\233\160\355\122\233\126\376}{}% 15
\BOOKMARK [1][-]{section.7}{\376\377\127\372\176\277\213\255\176\303\146\362\176\277\116\016\000\040\000c\000h\000e\000c\000k\000p\000o\000i\000n\000t}{}% 16
\BOOKMARK [1][-]{section.8}{\376\377\140\073\176\323}{}% 17
\BOOKMARK [1][-]{section.9}{\376\377\226\104\137\125\377\032\131\015\163\260\116\016\135\345\172\013\176\306\202\202}{}% 18
\BOOKMARK [2][-]{subsection.9.1}{\376\377\116\323\136\223\116\073\211\201\145\207\116\366}{section.9}% 19
\BOOKMARK [2][-]{subsection.9.2}{\376\377\213\255\176\303\124\175\116\344}{section.9}% 20
\BOOKMARK [2][-]{subsection.9.3}{\376\377\117\134\126\376\124\175\116\344}{section.9}% 21
\BOOKMARK [2][-]{subsection.9.4}{\376\377\177\026\213\321}{section.9}% 22
